CREATE USER SA PASSWORD "" ADMIN
/*C1*/SET SCHEMA PUBLIC
CONNECT USER SA
DISCONNECT
/*C2*/SET SCHEMA PUBLIC
CONNECT USER SA
DISCONNECT
/*C3*/SET SCHEMA PUBLIC
CONNECT USER SA
DISCONNECT
/*C4*/SET SCHEMA PUBLIC
CONNECT USER SA
SET WRITE_DELAY 10
CREATE MEMORY TABLE ADDRESS(ID INTEGER NOT NULL PRIMARY KEY,FIRSTNAME VARCHAR,LASTNAME VARCHAR,STREET VARCHAR,CITY VARCHAR)\u000d\u000a
CREATE MEMORY TABLE PRODUCT(ID INTEGER NOT NULL PRIMARY KEY,NAME VARCHAR,COST DECIMAL)\u000d\u000a
CREATE MEMORY TABLE DOCUMENT(ID INTEGER NOT NULL PRIMARY KEY,ADDRESSID INTEGER,TOTAL DECIMAL)\u000d\u000a
CREATE MEMORY TABLE POSITIONS(DOCUMENTID INTEGER,POSITIONNO INTEGER,PRODUCTID INTEGER,QUANTITY INTEGER,PRICE DECIMAL,CONSTRAINT SYS_CT_1 UNIQUE(DOCUMENTID,POSITIONNO))\u000d\u000a
CREATE MEMORY TABLE ORDERS(ORDERID INTEGER,CUSTOMERID VARCHAR,EMPLOYEEID INTEGER,ORDERDATE TIMESTAMP,REQUIREDDATE TIMESTAMP,SHIPPEDDATE TIMESTAMP,SHIPVIA INTEGER,FREIGHT NUMERIC,SHIPNAME VARCHAR,SHIPADDRESS VARCHAR,SHIPCITY VARCHAR,SHIPREGION VARCHAR,SHIPPOSTALCODE VARCHAR,SHIPCOUNTRY VARCHAR)\u000d\u000a
CREATE MEMORY TABLE TASKS(SERIES VARCHAR,TASK VARCHAR,SUBTASK VARCHAR,STARTTIMESTAMP TIMESTAMP,ENDTIMESTAMP TIMESTAMP,PERCENT DECIMAL)
INSERT INTO ADDRESS VALUES(0,'Laura','Steel','429 Seventh Av.','Dallas')
INSERT INTO ADDRESS VALUES(1,'Susanne','King','366 - 20th Ave.','Olten')
INSERT INTO ADDRESS VALUES(2,'Anne','Miller','20 Upland Pl.','Lyon')
INSERT INTO ADDRESS VALUES(3,'Michael','Clancy','542 Upland Pl.','San Francisco')
INSERT INTO ADDRESS VALUES(4,'Sylvia','Ringer','365 College Av.','Dallas')
INSERT INTO ADDRESS VALUES(5,'Laura','Miller','294 Seventh Av.','Paris')
INSERT INTO ADDRESS VALUES(6,'Laura','White','506 Upland Pl.','Palo Alto')
INSERT INTO ADDRESS VALUES(7,'James','Peterson','231 Upland Pl.','San Francisco')
INSERT INTO ADDRESS VALUES(8,'Andrew','Miller','288 - 20th Ave.','Seattle')
INSERT INTO ADDRESS VALUES(9,'James','Schneider','277 Seventh Av.','Berne')
INSERT INTO ADDRESS VALUES(10,'Anne','Fuller','135 Upland Pl.','Dallas')
INSERT INTO ADDRESS VALUES(11,'Julia','White','412 Upland Pl.','Chicago')
INSERT INTO ADDRESS VALUES(12,'George','Ott','381 Upland Pl.','Palo Alto')
INSERT INTO ADDRESS VALUES(13,'Laura','Ringer','38 College Av.','New York')
INSERT INTO ADDRESS VALUES(14,'Bill','Karsen','53 College Av.','Oslo')
INSERT INTO ADDRESS VALUES(15,'Bill','Clancy','319 Upland Pl.','Seattle')
INSERT INTO ADDRESS VALUES(16,'John','Fuller','195 Seventh Av.','New York')
INSERT INTO ADDRESS VALUES(17,'Laura','Ott','443 Seventh Av.','Lyon')
INSERT INTO ADDRESS VALUES(18,'Sylvia','Fuller','158 - 20th Ave.','Paris')
INSERT INTO ADDRESS VALUES(19,'Susanne','Heiniger','86 - 20th Ave.','Dallas')
INSERT INTO ADDRESS VALUES(20,'Janet','Schneider','309 - 20th Ave.','Oslo')
INSERT INTO ADDRESS VALUES(21,'Julia','Clancy','18 Seventh Av.','Seattle')
INSERT INTO ADDRESS VALUES(22,'Bill','Ott','250 - 20th Ave.','Berne')
INSERT INTO ADDRESS VALUES(23,'Julia','Heiniger','358 College Av.','Boston')
INSERT INTO ADDRESS VALUES(24,'James','Sommer','333 Upland Pl.','Olten')
INSERT INTO ADDRESS VALUES(25,'Sylvia','Steel','269 College Av.','Paris')
INSERT INTO ADDRESS VALUES(26,'James','Clancy','195 Upland Pl.','Oslo')
INSERT INTO ADDRESS VALUES(27,'Bob','Sommer','509 College Av.','Seattle')
INSERT INTO ADDRESS VALUES(28,'Susanne','White','74 - 20th Ave.','Lyon')
INSERT INTO ADDRESS VALUES(29,'Andrew','Smith','254 College Av.','New York')
INSERT INTO ADDRESS VALUES(30,'Bill','Sommer','362 - 20th Ave.','Olten')
INSERT INTO ADDRESS VALUES(31,'Bob','Ringer','371 College Av.','Olten')
INSERT INTO ADDRESS VALUES(32,'Michael','Ott','339 College Av.','Boston')
INSERT INTO ADDRESS VALUES(33,'Mary','King','491 College Av.','Oslo')
INSERT INTO ADDRESS VALUES(34,'Julia','May','33 Upland Pl.','Seattle')
INSERT INTO ADDRESS VALUES(35,'George','Karsen','412 College Av.','Chicago')
INSERT INTO ADDRESS VALUES(36,'John','Steel','276 Upland Pl.','Dallas')
INSERT INTO ADDRESS VALUES(37,'Michael','Clancy','19 Seventh Av.','Dallas')
INSERT INTO ADDRESS VALUES(38,'Andrew','Heiniger','347 College Av.','Lyon')
INSERT INTO ADDRESS VALUES(39,'Mary','Karsen','202 College Av.','Chicago')
INSERT INTO ADDRESS VALUES(40,'Susanne','Miller','440 - 20th Ave.','Dallas')
INSERT INTO ADDRESS VALUES(41,'Bill','King','546 College Av.','New York')
INSERT INTO ADDRESS VALUES(42,'Robert','Ott','503 Seventh Av.','Oslo')
INSERT INTO ADDRESS VALUES(43,'Susanne','Smith','2 Upland Pl.','Dallas')
INSERT INTO ADDRESS VALUES(44,'Sylvia','Ott','361 College Av.','New York')
INSERT INTO ADDRESS VALUES(45,'Janet','May','396 Seventh Av.','Oslo')
INSERT INTO ADDRESS VALUES(46,'Andrew','May','172 Seventh Av.','New York')
INSERT INTO ADDRESS VALUES(47,'Janet','Fuller','445 Upland Pl.','Dallas')
INSERT INTO ADDRESS VALUES(48,'Robert','White','549 Seventh Av.','San Francisco')
INSERT INTO ADDRESS VALUES(49,'George','Fuller','534 - 20th Ave.','Olten')
/*C5*/SET SCHEMA PUBLIC
CONNECT USER SA
DISCONNECT
/*C6*/SET SCHEMA PUBLIC
CONNECT USER SA
DISCONNECT
/*C7*/SET SCHEMA PUBLIC
CONNECT USER SA
DISCONNECT
/*C8*/SET SCHEMA PUBLIC
CONNECT USER SA
DISCONNECT
/*C4*/DISCONNECT
